// Jest Snapshot v1, https://goo.gl/fbAQLP

exports[`Test on GifCard Must match snapshot 1`] = `
<div>
  <div
    class="card"
  >
    <img
      alt="test"
      src="https://url.test.com/"
    />
    <p>
      test
    </p>
  </div>
</div>
`;
